E:\psma\Mondabet-Code\src\Shared\Mondabet.Shared\Mondabet.Shared.csproj : warning NU1902: Package 'OpenTelemetry.Exporter.OpenTelemetryProtocol' 1.9.0 has a known moderate severity vulnerability, https://github.com/advisories/GHSA-4625-4j76-fww9 [E:\psma\Mondabet-Code\src\Services\Employee\Mondabet.Employee.Api\Mondabet.Employee.Api.csproj]
E:\psma\Mondabet-Code\src\Shared\Mondabet.Shared\Mondabet.Shared.csproj : warning NU1902: Package 'OpenTelemetry.Exporter.OpenTelemetryProtocol' 1.9.0 has a known moderate severity vulnerability, https://github.com/advisories/GHSA-4625-4j76-fww9
info: Microsoft.EntityFrameworkCore.Database.Command[20101]
      Executed DbCommand (112ms) [Parameters=[], CommandType='Text', CommandTimeout='30']
      SELECT 1
info: Microsoft.EntityFrameworkCore.Database.Command[20101]
      Executed DbCommand (87ms) [Parameters=[], CommandType='Text', CommandTimeout='30']
      
      IF EXISTS
          (SELECT *
           FROM [sys].[objects] o
           WHERE [o].[type] = 'U'
           AND [o].[is_ms_shipped] = 0
           AND NOT EXISTS (SELECT *
               FROM [sys].[extended_properties] AS [ep]
               WHERE [ep].[major_id] = [o].[object_id]
                   AND [ep].[minor_id] = 0
                   AND [ep].[class] = 1
                   AND [ep].[name] = N'microsoft_database_tools_support'
          )
      )
      SELECT 1 ELSE SELECT 0
info: Microsoft.Hosting.Lifetime[14]
      Now listening on: http://localhost:5003
info: Microsoft.Hosting.Lifetime[0]
      Application started. Press Ctrl+C to shut down.
info: Microsoft.Hosting.Lifetime[0]
      Hosting environment: Development
info: Microsoft.Hosting.Lifetime[0]
      Content root path: E:\psma\Mondabet-Code\src\Services\Employee\Mondabet.Employee.Api
fail: Microsoft.AspNetCore.Diagnostics.DeveloperExceptionPageMiddleware[1]
      An unhandled exception has occurred while executing the request.
      Microsoft.AspNetCore.Http.BadHttpRequestException: Required parameter "int page" was not provided from query string.
         at lambda_method9(Closure, Object, HttpContext)
         at Microsoft.AspNetCore.StaticFiles.StaticFileMiddleware.Invoke(HttpContext context)
         at Swashbuckle.AspNetCore.SwaggerUI.SwaggerUIMiddleware.Invoke(HttpContext httpContext)
         at Swashbuckle.AspNetCore.Swagger.SwaggerMiddleware.Invoke(HttpContext httpContext, ISwaggerProvider swaggerProvider)
         at Microsoft.AspNetCore.Authorization.AuthorizationMiddleware.Invoke(HttpContext context)
         at Microsoft.AspNetCore.Authentication.AuthenticationMiddleware.Invoke(HttpContext context)
         at Mondabet.Shared.Infrastructure.TenantMiddleware.InvokeAsync(HttpContext context, TenantProvider tenantProvider) in E:\psma\Mondabet-Code\src\Shared\Mondabet.Shared\Infrastructure\TenantMiddleware.cs:line 23
         at Microsoft.AspNetCore.Diagnostics.DeveloperExceptionPageMiddlewareImpl.Invoke(HttpContext context)
fail: Microsoft.AspNetCore.Diagnostics.DeveloperExceptionPageMiddleware[1]
      An unhandled exception has occurred while executing the request.
      Microsoft.AspNetCore.Http.BadHttpRequestException: Required parameter "int page" was not provided from query string.
         at lambda_method9(Closure, Object, HttpContext)
         at Microsoft.AspNetCore.StaticFiles.StaticFileMiddleware.Invoke(HttpContext context)
         at Swashbuckle.AspNetCore.SwaggerUI.SwaggerUIMiddleware.Invoke(HttpContext httpContext)
         at Swashbuckle.AspNetCore.Swagger.SwaggerMiddleware.Invoke(HttpContext httpContext, ISwaggerProvider swaggerProvider)
         at Microsoft.AspNetCore.Authorization.AuthorizationMiddleware.Invoke(HttpContext context)
         at Microsoft.AspNetCore.Authentication.AuthenticationMiddleware.Invoke(HttpContext context)
         at Mondabet.Shared.Infrastructure.TenantMiddleware.InvokeAsync(HttpContext context, TenantProvider tenantProvider) in E:\psma\Mondabet-Code\src\Shared\Mondabet.Shared\Infrastructure\TenantMiddleware.cs:line 23
         at Microsoft.AspNetCore.Diagnostics.DeveloperExceptionPageMiddlewareImpl.Invoke(HttpContext context)
fail: Microsoft.AspNetCore.Diagnostics.DeveloperExceptionPageMiddleware[1]
      An unhandled exception has occurred while executing the request.
      Microsoft.AspNetCore.Http.BadHttpRequestException: Required parameter "int page" was not provided from query string.
         at lambda_method9(Closure, Object, HttpContext)
         at Microsoft.AspNetCore.StaticFiles.StaticFileMiddleware.Invoke(HttpContext context)
         at Swashbuckle.AspNetCore.SwaggerUI.SwaggerUIMiddleware.Invoke(HttpContext httpContext)
         at Swashbuckle.AspNetCore.Swagger.SwaggerMiddleware.Invoke(HttpContext httpContext, ISwaggerProvider swaggerProvider)
         at Microsoft.AspNetCore.Authorization.AuthorizationMiddleware.Invoke(HttpContext context)
         at Microsoft.AspNetCore.Authentication.AuthenticationMiddleware.Invoke(HttpContext context)
         at Mondabet.Shared.Infrastructure.TenantMiddleware.InvokeAsync(HttpContext context, TenantProvider tenantProvider) in E:\psma\Mondabet-Code\src\Shared\Mondabet.Shared\Infrastructure\TenantMiddleware.cs:line 23
         at Microsoft.AspNetCore.Diagnostics.DeveloperExceptionPageMiddlewareImpl.Invoke(HttpContext context)
fail: Microsoft.AspNetCore.Diagnostics.DeveloperExceptionPageMiddleware[1]
      An unhandled exception has occurred while executing the request.
      Microsoft.AspNetCore.Http.BadHttpRequestException: Required parameter "int page" was not provided from query string.
         at lambda_method9(Closure, Object, HttpContext)
         at Microsoft.AspNetCore.StaticFiles.StaticFileMiddleware.Invoke(HttpContext context)
         at Swashbuckle.AspNetCore.SwaggerUI.SwaggerUIMiddleware.Invoke(HttpContext httpContext)
         at Swashbuckle.AspNetCore.Swagger.SwaggerMiddleware.Invoke(HttpContext httpContext, ISwaggerProvider swaggerProvider)
         at Microsoft.AspNetCore.Authorization.AuthorizationMiddleware.Invoke(HttpContext context)
         at Microsoft.AspNetCore.Authentication.AuthenticationMiddleware.Invoke(HttpContext context)
         at Mondabet.Shared.Infrastructure.TenantMiddleware.InvokeAsync(HttpContext context, TenantProvider tenantProvider) in E:\psma\Mondabet-Code\src\Shared\Mondabet.Shared\Infrastructure\TenantMiddleware.cs:line 23
         at Microsoft.AspNetCore.Diagnostics.DeveloperExceptionPageMiddlewareImpl.Invoke(HttpContext context)
fail: Microsoft.AspNetCore.Diagnostics.DeveloperExceptionPageMiddleware[1]
      An unhandled exception has occurred while executing the request.
      Microsoft.AspNetCore.Http.BadHttpRequestException: Required parameter "int page" was not provided from query string.
         at lambda_method9(Closure, Object, HttpContext)
         at Microsoft.AspNetCore.StaticFiles.StaticFileMiddleware.Invoke(HttpContext context)
         at Swashbuckle.AspNetCore.SwaggerUI.SwaggerUIMiddleware.Invoke(HttpContext httpContext)
         at Swashbuckle.AspNetCore.Swagger.SwaggerMiddleware.Invoke(HttpContext httpContext, ISwaggerProvider swaggerProvider)
         at Microsoft.AspNetCore.Authorization.AuthorizationMiddleware.Invoke(HttpContext context)
         at Microsoft.AspNetCore.Authentication.AuthenticationMiddleware.Invoke(HttpContext context)
         at Mondabet.Shared.Infrastructure.TenantMiddleware.InvokeAsync(HttpContext context, TenantProvider tenantProvider) in E:\psma\Mondabet-Code\src\Shared\Mondabet.Shared\Infrastructure\TenantMiddleware.cs:line 23
         at Microsoft.AspNetCore.Diagnostics.DeveloperExceptionPageMiddlewareImpl.Invoke(HttpContext context)
fail: Microsoft.AspNetCore.Diagnostics.DeveloperExceptionPageMiddleware[1]
      An unhandled exception has occurred while executing the request.
      Microsoft.AspNetCore.Http.BadHttpRequestException: Required parameter "int page" was not provided from query string.
         at lambda_method9(Closure, Object, HttpContext)
         at Microsoft.AspNetCore.StaticFiles.StaticFileMiddleware.Invoke(HttpContext context)
         at Swashbuckle.AspNetCore.SwaggerUI.SwaggerUIMiddleware.Invoke(HttpContext httpContext)
         at Swashbuckle.AspNetCore.Swagger.SwaggerMiddleware.Invoke(HttpContext httpContext, ISwaggerProvider swaggerProvider)
         at Microsoft.AspNetCore.Authorization.AuthorizationMiddleware.Invoke(HttpContext context)
         at Microsoft.AspNetCore.Authentication.AuthenticationMiddleware.Invoke(HttpContext context)
         at Mondabet.Shared.Infrastructure.TenantMiddleware.InvokeAsync(HttpContext context, TenantProvider tenantProvider) in E:\psma\Mondabet-Code\src\Shared\Mondabet.Shared\Infrastructure\TenantMiddleware.cs:line 23
         at Microsoft.AspNetCore.Diagnostics.DeveloperExceptionPageMiddlewareImpl.Invoke(HttpContext context)
fail: Microsoft.AspNetCore.Diagnostics.DeveloperExceptionPageMiddleware[1]
      An unhandled exception has occurred while executing the request.
      Microsoft.AspNetCore.Http.BadHttpRequestException: Required parameter "int page" was not provided from query string.
         at lambda_method9(Closure, Object, HttpContext)
         at Microsoft.AspNetCore.StaticFiles.StaticFileMiddleware.Invoke(HttpContext context)
         at Swashbuckle.AspNetCore.SwaggerUI.SwaggerUIMiddleware.Invoke(HttpContext httpContext)
         at Swashbuckle.AspNetCore.Swagger.SwaggerMiddleware.Invoke(HttpContext httpContext, ISwaggerProvider swaggerProvider)
         at Microsoft.AspNetCore.Authorization.AuthorizationMiddleware.Invoke(HttpContext context)
         at Microsoft.AspNetCore.Authentication.AuthenticationMiddleware.Invoke(HttpContext context)
         at Mondabet.Shared.Infrastructure.TenantMiddleware.InvokeAsync(HttpContext context, TenantProvider tenantProvider) in E:\psma\Mondabet-Code\src\Shared\Mondabet.Shared\Infrastructure\TenantMiddleware.cs:line 23
         at Microsoft.AspNetCore.Diagnostics.DeveloperExceptionPageMiddlewareImpl.Invoke(HttpContext context)
fail: Microsoft.AspNetCore.Diagnostics.DeveloperExceptionPageMiddleware[1]
      An unhandled exception has occurred while executing the request.
      Microsoft.AspNetCore.Http.BadHttpRequestException: Required parameter "int page" was not provided from query string.
         at lambda_method9(Closure, Object, HttpContext)
         at Microsoft.AspNetCore.StaticFiles.StaticFileMiddleware.Invoke(HttpContext context)
         at Swashbuckle.AspNetCore.SwaggerUI.SwaggerUIMiddleware.Invoke(HttpContext httpContext)
         at Swashbuckle.AspNetCore.Swagger.SwaggerMiddleware.Invoke(HttpContext httpContext, ISwaggerProvider swaggerProvider)
         at Microsoft.AspNetCore.Authorization.AuthorizationMiddleware.Invoke(HttpContext context)
         at Microsoft.AspNetCore.Authentication.AuthenticationMiddleware.Invoke(HttpContext context)
         at Mondabet.Shared.Infrastructure.TenantMiddleware.InvokeAsync(HttpContext context, TenantProvider tenantProvider) in E:\psma\Mondabet-Code\src\Shared\Mondabet.Shared\Infrastructure\TenantMiddleware.cs:line 23
         at Microsoft.AspNetCore.Diagnostics.DeveloperExceptionPageMiddlewareImpl.Invoke(HttpContext context)
fail: Microsoft.AspNetCore.Diagnostics.DeveloperExceptionPageMiddleware[1]
      An unhandled exception has occurred while executing the request.
      Microsoft.AspNetCore.Http.BadHttpRequestException: Required parameter "int page" was not provided from query string.
         at lambda_method9(Closure, Object, HttpContext)
         at Microsoft.AspNetCore.StaticFiles.StaticFileMiddleware.Invoke(HttpContext context)
         at Swashbuckle.AspNetCore.SwaggerUI.SwaggerUIMiddleware.Invoke(HttpContext httpContext)
         at Swashbuckle.AspNetCore.Swagger.SwaggerMiddleware.Invoke(HttpContext httpContext, ISwaggerProvider swaggerProvider)
         at Microsoft.AspNetCore.Authorization.AuthorizationMiddleware.Invoke(HttpContext context)
         at Microsoft.AspNetCore.Authentication.AuthenticationMiddleware.Invoke(HttpContext context)
         at Mondabet.Shared.Infrastructure.TenantMiddleware.InvokeAsync(HttpContext context, TenantProvider tenantProvider) in E:\psma\Mondabet-Code\src\Shared\Mondabet.Shared\Infrastructure\TenantMiddleware.cs:line 23
         at Microsoft.AspNetCore.Diagnostics.DeveloperExceptionPageMiddlewareImpl.Invoke(HttpContext context)
fail: Microsoft.AspNetCore.Diagnostics.DeveloperExceptionPageMiddleware[1]
      An unhandled exception has occurred while executing the request.
      Microsoft.AspNetCore.Http.BadHttpRequestException: Required parameter "int page" was not provided from query string.
         at lambda_method9(Closure, Object, HttpContext)
         at Microsoft.AspNetCore.StaticFiles.StaticFileMiddleware.Invoke(HttpContext context)
         at Swashbuckle.AspNetCore.SwaggerUI.SwaggerUIMiddleware.Invoke(HttpContext httpContext)
         at Swashbuckle.AspNetCore.Swagger.SwaggerMiddleware.Invoke(HttpContext httpContext, ISwaggerProvider swaggerProvider)
         at Microsoft.AspNetCore.Authorization.AuthorizationMiddleware.Invoke(HttpContext context)
         at Microsoft.AspNetCore.Authentication.AuthenticationMiddleware.Invoke(HttpContext context)
         at Mondabet.Shared.Infrastructure.TenantMiddleware.InvokeAsync(HttpContext context, TenantProvider tenantProvider) in E:\psma\Mondabet-Code\src\Shared\Mondabet.Shared\Infrastructure\TenantMiddleware.cs:line 23
         at Microsoft.AspNetCore.Diagnostics.DeveloperExceptionPageMiddlewareImpl.Invoke(HttpContext context)
