E:\psma\Mondabet-Code\src\Shared\Mondabet.Shared\Mondabet.Shared.csproj : warning NU1902: Package 'OpenTelemetry.Exporter.OpenTelemetryProtocol' 1.9.0 has a known moderate severity vulnerability, https://github.com/advisories/GHSA-4625-4j76-fww9 [E:\psma\Mondabet-Code\src\Gateway\Mondabet.Gateway\Mondabet.Gateway.csproj]
E:\psma\Mondabet-Code\src\Shared\Mondabet.Shared\Mondabet.Shared.csproj : warning NU1902: Package 'OpenTelemetry.Exporter.OpenTelemetryProtocol' 1.9.0 has a known moderate severity vulnerability, https://github.com/advisories/GHSA-4625-4j76-fww9
info: Yarp.ReverseProxy.Configuration.ConfigProvider.ConfigurationConfigProvider[1]
      Loading proxy data from config.
info: Microsoft.Hosting.Lifetime[14]
      Now listening on: http://localhost:5000
info: Microsoft.Hosting.Lifetime[0]
      Application started. Press Ctrl+C to shut down.
info: Microsoft.Hosting.Lifetime[0]
      Hosting environment: Development
info: Microsoft.Hosting.Lifetime[0]
      Content root path: E:\psma\Mondabet-Code\src\Gateway\Mondabet.Gateway
info: Yarp.ReverseProxy.Forwarder.HttpForwarder[9]
      Proxying to http://localhost:5001/api/v1/auth/login HTTP/2 RequestVersionOrLower 
info: Yarp.ReverseProxy.Forwarder.HttpForwarder[9]
      Proxying to http://localhost:5001/api/v1/auth/login HTTP/2 RequestVersionOrLower 
info: Yarp.ReverseProxy.Forwarder.HttpForwarder[56]
      Received HTTP/1.1 response 200.
info: Yarp.ReverseProxy.Forwarder.HttpForwarder[9]
      Proxying to http://localhost:5001/api/v1/auth/login HTTP/2 RequestVersionOrLower 
info: Yarp.ReverseProxy.Forwarder.HttpForwarder[56]
      Received HTTP/1.1 response 200.
info: Yarp.ReverseProxy.Forwarder.HttpForwarder[9]
      Proxying to http://localhost:5001/api/v1/auth/login HTTP/2 RequestVersionOrLower 
info: Yarp.ReverseProxy.Forwarder.HttpForwarder[56]
      Received HTTP/1.1 response 200.
info: Yarp.ReverseProxy.Forwarder.HttpForwarder[9]
      Proxying to http://localhost:5001/api/v1/auth/mfa/verify HTTP/2 RequestVersionOrLower 
info: Yarp.ReverseProxy.Forwarder.HttpForwarder[56]
      Received HTTP/1.1 response 200.
info: Yarp.ReverseProxy.Forwarder.HttpForwarder[9]
      Proxying to http://localhost:5003/api/v1/employees HTTP/2 RequestVersionOrLower 
info: Yarp.ReverseProxy.Forwarder.HttpForwarder[56]
      Received HTTP/1.1 response 400.
info: Yarp.ReverseProxy.Forwarder.HttpForwarder[9]
      Proxying to http://localhost:5005/api/v1/leaves HTTP/2 RequestVersionOrLower 
info: Yarp.ReverseProxy.Forwarder.HttpForwarder[9]
      Proxying to http://localhost:5006/api/v1/workflows/definition HTTP/2 RequestVersionOrLower 
info: Yarp.ReverseProxy.Forwarder.HttpForwarder[56]
      Received HTTP/1.1 response 400.
info: Yarp.ReverseProxy.Forwarder.HttpForwarder[56]
      Received HTTP/1.1 response 405.
info: Yarp.ReverseProxy.Forwarder.HttpForwarder[9]
      Proxying to http://localhost:5008/api/v1/reports/attendance?from=2026-08-06&to=2026-09-05 HTTP/2 RequestVersionOrLower 
info: Yarp.ReverseProxy.Forwarder.HttpForwarder[56]
      Received HTTP/1.1 response 403.
info: Yarp.ReverseProxy.Forwarder.HttpForwarder[9]
      Proxying to http://localhost:5003/api/v1/employees HTTP/2 RequestVersionOrLower 
info: Yarp.ReverseProxy.Forwarder.HttpForwarder[56]
      Received HTTP/1.1 response 400.
info: Yarp.ReverseProxy.Forwarder.HttpForwarder[9]
      Proxying to http://localhost:5003/api/v1/employees HTTP/2 RequestVersionOrLower 
info: Yarp.ReverseProxy.Forwarder.HttpForwarder[56]
      Received HTTP/1.1 response 400.
info: Yarp.ReverseProxy.Forwarder.HttpForwarder[9]
      Proxying to http://localhost:5005/api/v1/leaves HTTP/2 RequestVersionOrLower 
info: Yarp.ReverseProxy.Forwarder.HttpForwarder[56]
      Received HTTP/1.1 response 400.
info: Yarp.ReverseProxy.Forwarder.HttpForwarder[9]
      Proxying to http://localhost:5006/api/v1/workflows/definition HTTP/2 RequestVersionOrLower 
info: Yarp.ReverseProxy.Forwarder.HttpForwarder[56]
      Received HTTP/1.1 response 405.
info: Yarp.ReverseProxy.Forwarder.HttpForwarder[9]
      Proxying to http://localhost:5008/api/v1/reports/attendance?from=2026-08-06&to=2026-09-05 HTTP/2 RequestVersionOrLower 
info: Yarp.ReverseProxy.Forwarder.HttpForwarder[56]
      Received HTTP/1.1 response 403.
info: Yarp.ReverseProxy.Forwarder.HttpForwarder[9]
      Proxying to http://localhost:5003/api/v1/employees HTTP/2 RequestVersionOrLower 
info: Yarp.ReverseProxy.Forwarder.HttpForwarder[56]
      Received HTTP/1.1 response 400.
info: Yarp.ReverseProxy.Forwarder.HttpForwarder[9]
      Proxying to http://localhost:5003/api/v1/employees HTTP/2 RequestVersionOrLower 
info: Yarp.ReverseProxy.Forwarder.HttpForwarder[56]
      Received HTTP/1.1 response 400.
info: Yarp.ReverseProxy.Forwarder.HttpForwarder[9]
      Proxying to http://localhost:5003/api/v1/employees HTTP/2 RequestVersionOrLower 
info: Yarp.ReverseProxy.Forwarder.HttpForwarder[56]
      Received HTTP/1.1 response 400.
info: Yarp.ReverseProxy.Forwarder.HttpForwarder[9]
      Proxying to http://localhost:5005/api/v1/leaves HTTP/2 RequestVersionOrLower 
info: Yarp.ReverseProxy.Forwarder.HttpForwarder[56]
      Received HTTP/1.1 response 400.
info: Yarp.ReverseProxy.Forwarder.HttpForwarder[9]
      Proxying to http://localhost:5006/api/v1/workflows/definition HTTP/2 RequestVersionOrLower 
info: Yarp.ReverseProxy.Forwarder.HttpForwarder[56]
      Received HTTP/1.1 response 405.
info: Yarp.ReverseProxy.Forwarder.HttpForwarder[9]
      Proxying to http://localhost:5008/api/v1/reports/attendance?from=2026-08-06&to=2026-09-05 HTTP/2 RequestVersionOrLower 
info: Yarp.ReverseProxy.Forwarder.HttpForwarder[56]
      Received HTTP/1.1 response 403.
info: Yarp.ReverseProxy.Forwarder.HttpForwarder[9]
      Proxying to http://localhost:5003/api/v1/employees HTTP/2 RequestVersionOrLower 
info: Yarp.ReverseProxy.Forwarder.HttpForwarder[56]
      Received HTTP/1.1 response 400.
info: Yarp.ReverseProxy.Forwarder.HttpForwarder[9]
      Proxying to http://localhost:5003/api/v1/employees HTTP/2 RequestVersionOrLower 
info: Yarp.ReverseProxy.Forwarder.HttpForwarder[56]
      Received HTTP/1.1 response 400.
info: Yarp.ReverseProxy.Forwarder.HttpForwarder[9]
      Proxying to http://localhost:5002/api/v1/tenants/config HTTP/2 RequestVersionOrLower 
info: Yarp.ReverseProxy.Forwarder.HttpForwarder[9]
      Proxying to http://localhost:5003/api/v1/employees HTTP/2 RequestVersionOrLower 
info: Yarp.ReverseProxy.Forwarder.HttpForwarder[56]
      Received HTTP/1.1 response 400.
info: Yarp.ReverseProxy.Forwarder.HttpForwarder[56]
      Received HTTP/1.1 response 404.
info: Yarp.ReverseProxy.Forwarder.HttpForwarder[9]
      Proxying to http://localhost:5005/api/v1/leaves HTTP/2 RequestVersionOrLower 
info: Yarp.ReverseProxy.Forwarder.HttpForwarder[56]
      Received HTTP/1.1 response 400.
info: Yarp.ReverseProxy.Forwarder.HttpForwarder[9]
      Proxying to http://localhost:5003/api/v1/employees HTTP/2 RequestVersionOrLower 
info: Yarp.ReverseProxy.Forwarder.HttpForwarder[56]
      Received HTTP/1.1 response 400.
info: Yarp.ReverseProxy.Forwarder.HttpForwarder[9]
      Proxying to http://localhost:5005/api/v1/leaves HTTP/2 RequestVersionOrLower 
info: Yarp.ReverseProxy.Forwarder.HttpForwarder[56]
      Received HTTP/1.1 response 400.
info: Yarp.ReverseProxy.Forwarder.HttpForwarder[9]
      Proxying to http://localhost:5006/api/v1/workflows/definition HTTP/2 RequestVersionOrLower 
info: Yarp.ReverseProxy.Forwarder.HttpForwarder[56]
      Received HTTP/1.1 response 405.
